H:/Work/WeAct-STM32H7R3Zx_CoreBoard/Examples/01-Blink/Drivers/BSP/W25Qxx/w25qxx_xspi.c:11:16:W25Qxx_ResetEnable	96	static
H:/Work/WeAct-STM32H7R3Zx_CoreBoard/Examples/01-Blink/Drivers/BSP/W25Qxx/w25qxx_xspi.c:40:16:W25Qxx_ResetDevice	96	static
H:/Work/WeAct-STM32H7R3Zx_CoreBoard/Examples/01-Blink/Drivers/BSP/W25Qxx/w25qxx_xspi.c:69:16:W25Qxx_ReadJEDECID	104	static
H:/Work/WeAct-STM32H7R3Zx_CoreBoard/Examples/01-Blink/Drivers/BSP/W25Qxx/w25qxx_xspi.c:107:16:W25Qxx_ReadSR	104	static
H:/Work/WeAct-STM32H7R3Zx_CoreBoard/Examples/01-Blink/Drivers/BSP/W25Qxx/w25qxx_xspi.c:151:16:W25Qxx_WriteSR	96	static
H:/Work/WeAct-STM32H7R3Zx_CoreBoard/Examples/01-Blink/Drivers/BSP/W25Qxx/w25qxx_xspi.c:194:16:W25Qxx_WriteCMD	96	static
H:/Work/WeAct-STM32H7R3Zx_CoreBoard/Examples/01-Blink/Drivers/BSP/W25Qxx/w25qxx_xspi.c:224:13:W25QXX_Wait_Busy	24	static
H:/Work/WeAct-STM32H7R3Zx_CoreBoard/Examples/01-Blink/Drivers/BSP/W25Qxx/w25qxx_xspi.c:235:16:W25Qxx_AutoPolling	120	static
H:/Work/WeAct-STM32H7R3Zx_CoreBoard/Examples/01-Blink/Drivers/BSP/W25Qxx/w25qxx_xspi.c:281:16:W25Qxx_WriteEnable	32	static
H:/Work/WeAct-STM32H7R3Zx_CoreBoard/Examples/01-Blink/Drivers/BSP/W25Qxx/w25qxx_xspi.c:308:16:W25Qxx_QuadEnable	24	static
H:/Work/WeAct-STM32H7R3Zx_CoreBoard/Examples/01-Blink/Drivers/BSP/W25Qxx/w25qxx_xspi.c:344:16:W25Qxx_ReadSTR	104	static
H:/Work/WeAct-STM32H7R3Zx_CoreBoard/Examples/01-Blink/Drivers/BSP/W25Qxx/w25qxx_xspi.c:389:16:W25Qxx_SectorErase	112	static
H:/Work/WeAct-STM32H7R3Zx_CoreBoard/Examples/01-Blink/Drivers/BSP/W25Qxx/w25qxx_xspi.c:436:16:W25Qxx_BlockErase	112	static
H:/Work/WeAct-STM32H7R3Zx_CoreBoard/Examples/01-Blink/Drivers/BSP/W25Qxx/w25qxx_xspi.c:483:16:W25Qxx_ChipErase	104	static
H:/Work/WeAct-STM32H7R3Zx_CoreBoard/Examples/01-Blink/Drivers/BSP/W25Qxx/w25qxx_xspi.c:527:16:W25Qxx_PageProgram	112	static
H:/Work/WeAct-STM32H7R3Zx_CoreBoard/Examples/01-Blink/Drivers/BSP/W25Qxx/w25qxx_xspi.c:578:16:W25Qxx_EnableSTRMemoryMappedMode	104	static
H:/Work/WeAct-STM32H7R3Zx_CoreBoard/Examples/01-Blink/Drivers/BSP/W25Qxx/w25qxx_xspi.c:641:9:XSPI_NOR_ResetMemory	8	static
H:/Work/WeAct-STM32H7R3Zx_CoreBoard/Examples/01-Blink/Drivers/BSP/W25Qxx/w25qxx_xspi.c:654:9:XSPI_NOR_ReadID	24	static
H:/Work/WeAct-STM32H7R3Zx_CoreBoard/Examples/01-Blink/Drivers/BSP/W25Qxx/w25qxx_xspi.c:668:9:XSPI_NOR_ReadAllRegister	24	static
H:/Work/WeAct-STM32H7R3Zx_CoreBoard/Examples/01-Blink/Drivers/BSP/W25Qxx/w25qxx_xspi.c:686:9:XSPI_NOR_WriteEnable	8	static
H:/Work/WeAct-STM32H7R3Zx_CoreBoard/Examples/01-Blink/Drivers/BSP/W25Qxx/w25qxx_xspi.c:691:9:XSPI_NOR_QuadEnable	8	static
H:/Work/WeAct-STM32H7R3Zx_CoreBoard/Examples/01-Blink/Drivers/BSP/W25Qxx/w25qxx_xspi.c:696:9:XSPI_EnterQPIMode	4	static
H:/Work/WeAct-STM32H7R3Zx_CoreBoard/Examples/01-Blink/Drivers/BSP/W25Qxx/w25qxx_xspi.c:702:9:XSPI_NOR_ReadSTR	32	static
H:/Work/WeAct-STM32H7R3Zx_CoreBoard/Examples/01-Blink/Drivers/BSP/W25Qxx/w25qxx_xspi.c:707:9:XSPI_NOR_SectorErase	16	static
H:/Work/WeAct-STM32H7R3Zx_CoreBoard/Examples/01-Blink/Drivers/BSP/W25Qxx/w25qxx_xspi.c:712:9:XSPI_NOR_BlockErase	16	static
H:/Work/WeAct-STM32H7R3Zx_CoreBoard/Examples/01-Blink/Drivers/BSP/W25Qxx/w25qxx_xspi.c:717:9:XSPI_NOR_ChipErase	8	static
H:/Work/WeAct-STM32H7R3Zx_CoreBoard/Examples/01-Blink/Drivers/BSP/W25Qxx/w25qxx_xspi.c:722:9:XSPI_NOR_PageProgram	32	static
H:/Work/WeAct-STM32H7R3Zx_CoreBoard/Examples/01-Blink/Drivers/BSP/W25Qxx/w25qxx_xspi.c:735:9:XSPI_NOR_WriteNoCheck	32	static
H:/Work/WeAct-STM32H7R3Zx_CoreBoard/Examples/01-Blink/Drivers/BSP/W25Qxx/w25qxx_xspi.c:768:9:XSPI_NOR_EnableSTRMemoryMappedMode	8	static
H:/Work/WeAct-STM32H7R3Zx_CoreBoard/Examples/01-Blink/Drivers/BSP/W25Qxx/w25qxx_xspi.c:773:9:XSPI_NOR_DisableSTRMemoryMappedMode	8	static
H:/Work/WeAct-STM32H7R3Zx_CoreBoard/Examples/01-Blink/Drivers/BSP/W25Qxx/w25qxx_xspi.c:789:9:XSPI_NOR_Init	16	static
H:/Work/WeAct-STM32H7R3Zx_CoreBoard/Examples/01-Blink/Drivers/BSP/W25Qxx/w25qxx_xspi.c:836:6:XSPI_NOR_Test	16	static
