H:/Work/WeAct-STM32H7R3Zx_CoreBoard/Examples/02-MSC/Drivers/STM32H7RSxx_HAL_Driver/Src/stm32h7rsxx_hal_rtc.c:259:19:HAL_RTC_Init	24	static
H:/Work/WeAct-STM32H7R3Zx_CoreBoard/Examples/02-MSC/Drivers/STM32H7RSxx_HAL_Driver/Src/stm32h7rsxx_hal_rtc.c:449:19:HAL_RTC_DeInit	24	static
H:/Work/WeAct-STM32H7R3Zx_CoreBoard/Examples/02-MSC/Drivers/STM32H7RSxx_HAL_Driver/Src/stm32h7rsxx_hal_rtc.c:967:13:HAL_RTC_MspInit	16	static
H:/Work/WeAct-STM32H7R3Zx_CoreBoard/Examples/02-MSC/Drivers/STM32H7RSxx_HAL_Driver/Src/stm32h7rsxx_hal_rtc.c:982:13:HAL_RTC_MspDeInit	16	static
H:/Work/WeAct-STM32H7R3Zx_CoreBoard/Examples/02-MSC/Drivers/STM32H7RSxx_HAL_Driver/Src/stm32h7rsxx_hal_rtc.c:1025:19:HAL_RTC_SetTime	40	static
H:/Work/WeAct-STM32H7R3Zx_CoreBoard/Examples/02-MSC/Drivers/STM32H7RSxx_HAL_Driver/Src/stm32h7rsxx_hal_rtc.c:1146:19:HAL_RTC_GetTime	32	static
H:/Work/WeAct-STM32H7R3Zx_CoreBoard/Examples/02-MSC/Drivers/STM32H7RSxx_HAL_Driver/Src/stm32h7rsxx_hal_rtc.c:1196:19:HAL_RTC_SetDate	40	static
H:/Work/WeAct-STM32H7R3Zx_CoreBoard/Examples/02-MSC/Drivers/STM32H7RSxx_HAL_Driver/Src/stm32h7rsxx_hal_rtc.c:1282:19:HAL_RTC_GetDate	32	static
H:/Work/WeAct-STM32H7R3Zx_CoreBoard/Examples/02-MSC/Drivers/STM32H7RSxx_HAL_Driver/Src/stm32h7rsxx_hal_rtc.c:1318:6:HAL_RTC_DST_Add1Hour	16	static
H:/Work/WeAct-STM32H7R3Zx_CoreBoard/Examples/02-MSC/Drivers/STM32H7RSxx_HAL_Driver/Src/stm32h7rsxx_hal_rtc.c:1339:6:HAL_RTC_DST_Sub1Hour	16	static
H:/Work/WeAct-STM32H7R3Zx_CoreBoard/Examples/02-MSC/Drivers/STM32H7RSxx_HAL_Driver/Src/stm32h7rsxx_hal_rtc.c:1360:6:HAL_RTC_DST_SetStoreOperation	16	static
H:/Work/WeAct-STM32H7R3Zx_CoreBoard/Examples/02-MSC/Drivers/STM32H7RSxx_HAL_Driver/Src/stm32h7rsxx_hal_rtc.c:1374:6:HAL_RTC_DST_ClearStoreOperation	16	static
H:/Work/WeAct-STM32H7R3Zx_CoreBoard/Examples/02-MSC/Drivers/STM32H7RSxx_HAL_Driver/Src/stm32h7rsxx_hal_rtc.c:1388:10:HAL_RTC_DST_ReadStoreOperation	16	static
H:/Work/WeAct-STM32H7R3Zx_CoreBoard/Examples/02-MSC/Drivers/STM32H7RSxx_HAL_Driver/Src/stm32h7rsxx_hal_rtc.c:1430:19:HAL_RTC_SetAlarm	40	static
H:/Work/WeAct-STM32H7R3Zx_CoreBoard/Examples/02-MSC/Drivers/STM32H7RSxx_HAL_Driver/Src/stm32h7rsxx_hal_rtc.c:1642:19:HAL_RTC_SetAlarm_IT	40	static
H:/Work/WeAct-STM32H7R3Zx_CoreBoard/Examples/02-MSC/Drivers/STM32H7RSxx_HAL_Driver/Src/stm32h7rsxx_hal_rtc.c:1846:19:HAL_RTC_DeactivateAlarm	16	static
H:/Work/WeAct-STM32H7R3Zx_CoreBoard/Examples/02-MSC/Drivers/STM32H7RSxx_HAL_Driver/Src/stm32h7rsxx_hal_rtc.c:1896:19:HAL_RTC_GetAlarm	32	static
H:/Work/WeAct-STM32H7R3Zx_CoreBoard/Examples/02-MSC/Drivers/STM32H7RSxx_HAL_Driver/Src/stm32h7rsxx_hal_rtc.c:1962:6:HAL_RTC_AlarmIRQHandler	24	static
H:/Work/WeAct-STM32H7R3Zx_CoreBoard/Examples/02-MSC/Drivers/STM32H7RSxx_HAL_Driver/Src/stm32h7rsxx_hal_rtc.c:2002:13:HAL_RTC_AlarmAEventCallback	16	static
H:/Work/WeAct-STM32H7R3Zx_CoreBoard/Examples/02-MSC/Drivers/STM32H7RSxx_HAL_Driver/Src/stm32h7rsxx_hal_rtc.c:2018:19:HAL_RTC_PollForAlarmAEvent	24	static
H:/Work/WeAct-STM32H7R3Zx_CoreBoard/Examples/02-MSC/Drivers/STM32H7RSxx_HAL_Driver/Src/stm32h7rsxx_hal_rtc.c:2083:19:HAL_RTC_WaitForSynchro	24	static
H:/Work/WeAct-STM32H7R3Zx_CoreBoard/Examples/02-MSC/Drivers/STM32H7RSxx_HAL_Driver/Src/stm32h7rsxx_hal_rtc.c:2137:21:HAL_RTC_GetState	16	static
H:/Work/WeAct-STM32H7R3Zx_CoreBoard/Examples/02-MSC/Drivers/STM32H7RSxx_HAL_Driver/Src/stm32h7rsxx_hal_rtc.c:2160:19:RTC_EnterInitMode	24	static
H:/Work/WeAct-STM32H7R3Zx_CoreBoard/Examples/02-MSC/Drivers/STM32H7RSxx_HAL_Driver/Src/stm32h7rsxx_hal_rtc.c:2201:19:RTC_ExitInitMode	24	static
H:/Work/WeAct-STM32H7R3Zx_CoreBoard/Examples/02-MSC/Drivers/STM32H7RSxx_HAL_Driver/Src/stm32h7rsxx_hal_rtc.c:2239:9:RTC_ByteToBcd2	24	static
H:/Work/WeAct-STM32H7R3Zx_CoreBoard/Examples/02-MSC/Drivers/STM32H7RSxx_HAL_Driver/Src/stm32h7rsxx_hal_rtc.c:2258:9:RTC_Bcd2ToByte	24	static
